// Jest Snapshot v1, https://goo.gl/fbAQLP

exports[`renders 1`] = `
ShallowWrapper {
  "length": 1,
  Symbol(enzyme.__root__): [Circular],
  Symbol(enzyme.__unrendered__): <Header
    count={0}
    summary={Object {}}
/>,
  Symbol(enzyme.__renderer__): Object {
    "batchedUpdates": [Function],
    "getNode": [Function],
    "render": [Function],
    "simulateEvent": [Function],
    "unmount": [Function],
  },
  Symbol(enzyme.__node__): Object {
    "instance": null,
    "key": undefined,
    "nodeType": "host",
    "props": Object {
      "children": <div
        className="container"
>
        <div
                className="row"
        >
                <div
                        className="col-6 menu-summary-left"
                >
                        <span
                                id="count"
                        >
                                0
                                 items
                        </span>
                </div>
                <div
                        className="col-6 menu-summary-right"
                >
                        
                </div>
        </div>
</div>,
      "className": "menu-summary",
    },
    "ref": null,
    "rendered": Object {
      "instance": null,
      "key": undefined,
      "nodeType": "host",
      "props": Object {
        "children": <div
          className="row"
>
          <div
                    className="col-6 menu-summary-left"
          >
                    <span
                              id="count"
                    >
                              0
                               items
                    </span>
          </div>
          <div
                    className="col-6 menu-summary-right"
          >
                    
          </div>
</div>,
        "className": "container",
      },
      "ref": null,
      "rendered": Object {
        "instance": null,
        "key": undefined,
        "nodeType": "host",
        "props": Object {
          "children": Array [
            <div
              className="col-6 menu-summary-left"
>
              <span
                            id="count"
              >
                            0
                             items
              </span>
</div>,
            <div
              className="col-6 menu-summary-right"
>
              
</div>,
          ],
          "className": "row",
        },
        "ref": null,
        "rendered": Array [
          Object {
            "instance": null,
            "key": undefined,
            "nodeType": "host",
            "props": Object {
              "children": <span
                id="count"
>
                0
                 items
</span>,
              "className": "col-6 menu-summary-left",
            },
            "ref": null,
            "rendered": Object {
              "instance": null,
              "key": undefined,
              "nodeType": "host",
              "props": Object {
                "children": Array [
                  0,
                  " items",
                ],
                "id": "count",
              },
              "ref": null,
              "rendered": Array [
                0,
                " items",
              ],
              "type": "span",
            },
            "type": "div",
          },
          Object {
            "instance": null,
            "key": undefined,
            "nodeType": "host",
            "props": Object {
              "children": Array [],
              "className": "col-6 menu-summary-right",
            },
            "ref": null,
            "rendered": Array [],
            "type": "div",
          },
        ],
        "type": "div",
      },
      "type": "div",
    },
    "type": "div",
  },
  Symbol(enzyme.__nodes__): Array [
    Object {
      "instance": null,
      "key": undefined,
      "nodeType": "host",
      "props": Object {
        "children": <div
          className="container"
>
          <div
                    className="row"
          >
                    <div
                              className="col-6 menu-summary-left"
                    >
                              <span
                                        id="count"
                              >
                                        0
                                         items
                              </span>
                    </div>
                    <div
                              className="col-6 menu-summary-right"
                    >
                              
                    </div>
          </div>
</div>,
        "className": "menu-summary",
      },
      "ref": null,
      "rendered": Object {
        "instance": null,
        "key": undefined,
        "nodeType": "host",
        "props": Object {
          "children": <div
            className="row"
>
            <div
                        className="col-6 menu-summary-left"
            >
                        <span
                                    id="count"
                        >
                                    0
                                     items
                        </span>
            </div>
            <div
                        className="col-6 menu-summary-right"
            >
                        
            </div>
</div>,
          "className": "container",
        },
        "ref": null,
        "rendered": Object {
          "instance": null,
          "key": undefined,
          "nodeType": "host",
          "props": Object {
            "children": Array [
              <div
                className="col-6 menu-summary-left"
>
                <span
                                id="count"
                >
                                0
                                 items
                </span>
</div>,
              <div
                className="col-6 menu-summary-right"
>
                
</div>,
            ],
            "className": "row",
          },
          "ref": null,
          "rendered": Array [
            Object {
              "instance": null,
              "key": undefined,
              "nodeType": "host",
              "props": Object {
                "children": <span
                  id="count"
>
                  0
                   items
</span>,
                "className": "col-6 menu-summary-left",
              },
              "ref": null,
              "rendered": Object {
                "instance": null,
                "key": undefined,
                "nodeType": "host",
                "props": Object {
                  "children": Array [
                    0,
                    " items",
                  ],
                  "id": "count",
                },
                "ref": null,
                "rendered": Array [
                  0,
                  " items",
                ],
                "type": "span",
              },
              "type": "div",
            },
            Object {
              "instance": null,
              "key": undefined,
              "nodeType": "host",
              "props": Object {
                "children": Array [],
                "className": "col-6 menu-summary-right",
              },
              "ref": null,
              "rendered": Array [],
              "type": "div",
            },
          ],
          "type": "div",
        },
        "type": "div",
      },
      "type": "div",
    },
  ],
  Symbol(enzyme.__options__): Object {
    "adapter": ReactSixteenAdapter {
      "options": Object {
        "enableComponentDidUpdateOnSetState": true,
      },
    },
  },
}
`;
