// Jest Snapshot v1, https://goo.gl/fbAQLP

exports[`renders 1`] = `
ShallowWrapper {
  "length": 1,
  Symbol(enzyme.__root__): [Circular],
  Symbol(enzyme.__unrendered__): <ItemPickerItem
    addFoodItem={[Function]}
    dietaries={
        Array [
            "a",
            "b",
          ]
    }
    id={1}
    name="testName"
/>,
  Symbol(enzyme.__renderer__): Object {
    "batchedUpdates": [Function],
    "getNode": [Function],
    "render": [Function],
    "simulateEvent": [Function],
    "unmount": [Function],
  },
  Symbol(enzyme.__node__): Object {
    "instance": null,
    "key": undefined,
    "nodeType": "host",
    "props": Object {
      "children": Array [
        <h2>
          testName
</h2>,
        <p>
          <span
                    className="dietary"
          >
                    a
          </span>
          <span
                    className="dietary"
          >
                    b
          </span>
</p>,
      ],
      "className": "item",
      "onClick": [Function],
    },
    "ref": null,
    "rendered": Array [
      Object {
        "instance": null,
        "key": undefined,
        "nodeType": "host",
        "props": Object {
          "children": "testName",
        },
        "ref": null,
        "rendered": "testName",
        "type": "h2",
      },
      Object {
        "instance": null,
        "key": undefined,
        "nodeType": "host",
        "props": Object {
          "children": Array [
            <span
              className="dietary"
>
              a
</span>,
            <span
              className="dietary"
>
              b
</span>,
          ],
        },
        "ref": null,
        "rendered": Array [
          Object {
            "instance": null,
            "key": "a",
            "nodeType": "host",
            "props": Object {
              "children": "a",
              "className": "dietary",
            },
            "ref": null,
            "rendered": "a",
            "type": "span",
          },
          Object {
            "instance": null,
            "key": "b",
            "nodeType": "host",
            "props": Object {
              "children": "b",
              "className": "dietary",
            },
            "ref": null,
            "rendered": "b",
            "type": "span",
          },
        ],
        "type": "p",
      },
    ],
    "type": "li",
  },
  Symbol(enzyme.__nodes__): Array [
    Object {
      "instance": null,
      "key": undefined,
      "nodeType": "host",
      "props": Object {
        "children": Array [
          <h2>
            testName
</h2>,
          <p>
            <span
                        className="dietary"
            >
                        a
            </span>
            <span
                        className="dietary"
            >
                        b
            </span>
</p>,
        ],
        "className": "item",
        "onClick": [Function],
      },
      "ref": null,
      "rendered": Array [
        Object {
          "instance": null,
          "key": undefined,
          "nodeType": "host",
          "props": Object {
            "children": "testName",
          },
          "ref": null,
          "rendered": "testName",
          "type": "h2",
        },
        Object {
          "instance": null,
          "key": undefined,
          "nodeType": "host",
          "props": Object {
            "children": Array [
              <span
                className="dietary"
>
                a
</span>,
              <span
                className="dietary"
>
                b
</span>,
            ],
          },
          "ref": null,
          "rendered": Array [
            Object {
              "instance": null,
              "key": "a",
              "nodeType": "host",
              "props": Object {
                "children": "a",
                "className": "dietary",
              },
              "ref": null,
              "rendered": "a",
              "type": "span",
            },
            Object {
              "instance": null,
              "key": "b",
              "nodeType": "host",
              "props": Object {
                "children": "b",
                "className": "dietary",
              },
              "ref": null,
              "rendered": "b",
              "type": "span",
            },
          ],
          "type": "p",
        },
      ],
      "type": "li",
    },
  ],
  Symbol(enzyme.__options__): Object {
    "adapter": ReactSixteenAdapter {
      "options": Object {
        "enableComponentDidUpdateOnSetState": true,
      },
    },
  },
}
`;
