// Jest Snapshot v1, https://goo.gl/fbAQLP

exports[`renders 1`] = `
ShallowWrapper {
  "length": 1,
  Symbol(enzyme.__root__): [Circular],
  Symbol(enzyme.__unrendered__): <MenuPreviewItem
    deleteFoodItem={[Function]}
    dietaries={
        Array [
            "z",
            "y",
            "x",
          ]
    }
    id={100}
    name="itemTest"
    position={0}
/>,
  Symbol(enzyme.__renderer__): Object {
    "batchedUpdates": [Function],
    "getNode": [Function],
    "render": [Function],
    "simulateEvent": [Function],
    "unmount": [Function],
  },
  Symbol(enzyme.__node__): Object {
    "instance": null,
    "key": undefined,
    "nodeType": "host",
    "props": Object {
      "children": Array [
        <h2>
          itemTest
</h2>,
        <p>
          <span
                    className="dietary"
          >
                    z
          </span>
          <span
                    className="dietary"
          >
                    y
          </span>
          <span
                    className="dietary"
          >
                    x
          </span>
</p>,
        <button
          className="remove-item"
          onClick={[Function]}
>
          x
</button>,
      ],
      "className": "item",
    },
    "ref": null,
    "rendered": Array [
      Object {
        "instance": null,
        "key": undefined,
        "nodeType": "host",
        "props": Object {
          "children": "itemTest",
        },
        "ref": null,
        "rendered": "itemTest",
        "type": "h2",
      },
      Object {
        "instance": null,
        "key": undefined,
        "nodeType": "host",
        "props": Object {
          "children": Array [
            <span
              className="dietary"
>
              z
</span>,
            <span
              className="dietary"
>
              y
</span>,
            <span
              className="dietary"
>
              x
</span>,
          ],
        },
        "ref": null,
        "rendered": Array [
          Object {
            "instance": null,
            "key": "z",
            "nodeType": "host",
            "props": Object {
              "children": "z",
              "className": "dietary",
            },
            "ref": null,
            "rendered": "z",
            "type": "span",
          },
          Object {
            "instance": null,
            "key": "y",
            "nodeType": "host",
            "props": Object {
              "children": "y",
              "className": "dietary",
            },
            "ref": null,
            "rendered": "y",
            "type": "span",
          },
          Object {
            "instance": null,
            "key": "x",
            "nodeType": "host",
            "props": Object {
              "children": "x",
              "className": "dietary",
            },
            "ref": null,
            "rendered": "x",
            "type": "span",
          },
        ],
        "type": "p",
      },
      Object {
        "instance": null,
        "key": undefined,
        "nodeType": "host",
        "props": Object {
          "children": "x",
          "className": "remove-item",
          "onClick": [Function],
        },
        "ref": null,
        "rendered": "x",
        "type": "button",
      },
    ],
    "type": "li",
  },
  Symbol(enzyme.__nodes__): Array [
    Object {
      "instance": null,
      "key": undefined,
      "nodeType": "host",
      "props": Object {
        "children": Array [
          <h2>
            itemTest
</h2>,
          <p>
            <span
                        className="dietary"
            >
                        z
            </span>
            <span
                        className="dietary"
            >
                        y
            </span>
            <span
                        className="dietary"
            >
                        x
            </span>
</p>,
          <button
            className="remove-item"
            onClick={[Function]}
>
            x
</button>,
        ],
        "className": "item",
      },
      "ref": null,
      "rendered": Array [
        Object {
          "instance": null,
          "key": undefined,
          "nodeType": "host",
          "props": Object {
            "children": "itemTest",
          },
          "ref": null,
          "rendered": "itemTest",
          "type": "h2",
        },
        Object {
          "instance": null,
          "key": undefined,
          "nodeType": "host",
          "props": Object {
            "children": Array [
              <span
                className="dietary"
>
                z
</span>,
              <span
                className="dietary"
>
                y
</span>,
              <span
                className="dietary"
>
                x
</span>,
            ],
          },
          "ref": null,
          "rendered": Array [
            Object {
              "instance": null,
              "key": "z",
              "nodeType": "host",
              "props": Object {
                "children": "z",
                "className": "dietary",
              },
              "ref": null,
              "rendered": "z",
              "type": "span",
            },
            Object {
              "instance": null,
              "key": "y",
              "nodeType": "host",
              "props": Object {
                "children": "y",
                "className": "dietary",
              },
              "ref": null,
              "rendered": "y",
              "type": "span",
            },
            Object {
              "instance": null,
              "key": "x",
              "nodeType": "host",
              "props": Object {
                "children": "x",
                "className": "dietary",
              },
              "ref": null,
              "rendered": "x",
              "type": "span",
            },
          ],
          "type": "p",
        },
        Object {
          "instance": null,
          "key": undefined,
          "nodeType": "host",
          "props": Object {
            "children": "x",
            "className": "remove-item",
            "onClick": [Function],
          },
          "ref": null,
          "rendered": "x",
          "type": "button",
        },
      ],
      "type": "li",
    },
  ],
  Symbol(enzyme.__options__): Object {
    "adapter": ReactSixteenAdapter {
      "options": Object {
        "enableComponentDidUpdateOnSetState": true,
      },
    },
  },
}
`;
